error[E0277]: the trait bound `ObjB: IsOutputType<__S>` is not satisfied
  --> fail/subscription/field_non_output_return_type.rs:15:1
   |
15 | #[graphql_subscription]
   | ^^^^^^^^^^^^^^^^^^^^^^^ the trait `IsOutputType<__S>` is not implemented for `ObjB`
   |
   = help: the following other types implement trait `IsOutputType<S>`:
             <bool as IsOutputType<__S>>
             <i32 as IsOutputType<__S>>
             <f64 as IsOutputType<__S>>
             <ObjA as IsOutputType<__S>>
             <ArcStr as IsOutputType<S>>
             <Box<T> as IsOutputType<S>>
             <juniper::meta::Field<S> as IsOutputType<S>>
             <Argument<S> as IsOutputType<S>>
           and $N others
